// Jest Snapshot v1, https://goo.gl/fbAQLP

exports[`Check if details page renders correctly 1`] = `
Object {
  "asFragment": [Function],
  "baseElement": <body>
    <div>
      <section>
        <h1>
          BNB
          <span>
            BNB
          </span>
        </h1>
        <p>
          Current price: $
          314.3843742302130592
        </p>
        <p>
          24hr volume:
          591217999.6071906117016311
        </p>
        <p>
          24hr Change percentage:
          3.1787192708406841
        </p>
        <p>
          Marker Cap:
          52439674534.8611545591519616
        </p>
        <p>
          Supply:
          166801148.0000000000000000
        </p>
        <p>
          Maximum Supply:
        </p>
      </section>
    </div>
  </body>,
  "container": <div>
    <section>
      <h1>
        BNB
        <span>
          BNB
        </span>
      </h1>
      <p>
        Current price: $
        314.3843742302130592
      </p>
      <p>
        24hr volume:
        591217999.6071906117016311
      </p>
      <p>
        24hr Change percentage:
        3.1787192708406841
      </p>
      <p>
        Marker Cap:
        52439674534.8611545591519616
      </p>
      <p>
        Supply:
        166801148.0000000000000000
      </p>
      <p>
        Maximum Supply:
      </p>
    </section>
  </div>,
  "debug": [Function],
  "findAllByAltText": [Function],
  "findAllByDisplayValue": [Function],
  "findAllByLabelText": [Function],
  "findAllByPlaceholderText": [Function],
  "findAllByRole": [Function],
  "findAllByTestId": [Function],
  "findAllByText": [Function],
  "findAllByTitle": [Function],
  "findByAltText": [Function],
  "findByDisplayValue": [Function],
  "findByLabelText": [Function],
  "findByPlaceholderText": [Function],
  "findByRole": [Function],
  "findByTestId": [Function],
  "findByText": [Function],
  "findByTitle": [Function],
  "getAllByAltText": [Function],
  "getAllByDisplayValue": [Function],
  "getAllByLabelText": [Function],
  "getAllByPlaceholderText": [Function],
  "getAllByRole": [Function],
  "getAllByTestId": [Function],
  "getAllByText": [Function],
  "getAllByTitle": [Function],
  "getByAltText": [Function],
  "getByDisplayValue": [Function],
  "getByLabelText": [Function],
  "getByPlaceholderText": [Function],
  "getByRole": [Function],
  "getByTestId": [Function],
  "getByText": [Function],
  "getByTitle": [Function],
  "queryAllByAltText": [Function],
  "queryAllByDisplayValue": [Function],
  "queryAllByLabelText": [Function],
  "queryAllByPlaceholderText": [Function],
  "queryAllByRole": [Function],
  "queryAllByTestId": [Function],
  "queryAllByText": [Function],
  "queryAllByTitle": [Function],
  "queryByAltText": [Function],
  "queryByDisplayValue": [Function],
  "queryByLabelText": [Function],
  "queryByPlaceholderText": [Function],
  "queryByRole": [Function],
  "queryByTestId": [Function],
  "queryByText": [Function],
  "queryByTitle": [Function],
  "rerender": [Function],
  "unmount": [Function],
}
`;
